(net
 :root (sole₁)
 :node-count 1
 (sole₁
  :value! ____))
