<net>
:root (sole₁)
(sole₁
 :value! empty)
</net>

